[backblue.gif]
[fade.gif]
[index.html]
[yoajung.co.kr/images/yoajungthumb.png]
[yoajung.co.kr/images/yoajungfavi.ico]
[yoajung.co.kr/theme/design/template/footer/styleaa39.css]
[yoajung.co.kr/js/jquery-1.8.3.min.js]
[yoajung.co.kr/js/jquery.menub519.js]
[yoajung.co.kr/js/commonb519.js]
[yoajung.co.kr/js/wrestb519.js]
[yoajung.co.kr/js/placeholders.min.js]
[yoajung.co.kr/js/font-awesome/css/font-awesome.min.css]
[yoajung.co.kr/images/header_01.png]
[yoajung.co.kr/bbs/content639d.html]
[yoajung.co.kr/bbs/content2fed.html]
[yoajung.co.kr/bbs/content66cb.html]
[yoajung.co.kr/bbs/content2ee8.html]
[yoajung.co.kr/bbs/content79d1.html]
[yoajung.co.kr/images/header_02.png]
[yoajung.co.kr/images/comming_soon.png]
[yoajung.co.kr/images/nav_02.png]
[yoajung.co.kr/images/nav_01.png]
[yoajung.co.kr/images/tt.png]
[yoajung.co.kr/theme/design/template/header/script.js]
[cdn.jsdelivr.net/npm/swiper@9/swiper-bundle.css]
[code.jquery.com/jquery-1.12.4.min.js]
[yoajung.co.kr/js/jquery-1.12.4.minb519.js]
[yoajung.co.kr/js/jquery-migrate-1.4.1.minb519.js]
[yoajung.co.kr/js/placeholders.minb519.js]
[yoajung.co.kr/images/a_02h.png]
[yoajung.co.kr/images/a_02.png]
[yoajung.co.kr/bbs/content9abf.html]
[yoajung.co.kr/images/a_01.png]
[yoajung.co.kr/images/a_03.png]
[cdnjs.cloudflare.com/ajax/libs/gsap/latest/TweenMax.min.js]
[cdnjs.cloudflare.com/ajax/libs/gsap/3.6.0/ScrollTrigger.min.js]
[cdnjs.cloudflare.com/ajax/libs/gsap/3.11.4/gsap.min.js]
[cdn.jsdelivr.net/npm/swiper@9/swiper-bundle.min.js]
[cdnjs.cloudflare.com/ajax/libs/Swiper/11.0.5/swiper-bundle.css]
[cdnjs.cloudflare.com/ajax/libs/Swiper/11.0.5/swiper-bundle.min.js]
[yoajung.co.kr/theme/design/template/main/script.js]
[yoajung.co.kr/images/footer_04.png]
[yoajung.co.kr/images/footer_01.png]
[yoajung.co.kr/theme/design/template/footer/script.js]
[wcs.naver.net/wcslog.js]
[yoajung.co.kr/index.html]
[yoajung.co.kr/theme/design/img/gnb_bg2.gif]
[yoajung.co.kr/img/captcha2.png]
[yoajung.co.kr/theme/design/img/require.png]
[yoajung.co.kr/theme/design/img/close_btn.gif]
[yoajung.co.kr/theme/design/img/btn_first.gif]
[yoajung.co.kr/theme/design/img/btn_prev.gif]
[yoajung.co.kr/theme/design/img/btn_end.gif]
[yoajung.co.kr/theme/design/img/btn_next.gif]
[yoajung.co.kr/theme/design/css/defaultaa39.css]
[yoajung.co.kr/theme/design/template/header/styleaa39.css]
[yoajung.co.kr/images/a_04.jpg]
[yoajung.co.kr/images/a_05.jpg]
[yoajung.co.kr/theme/design/template/main/styleaa39.css]
[yoajung.co.kr/theme/design/template/footer/styleaa39.css]
[yoajung.co.kr/bbs/index.html]
[yoajung.co.kr/js/font-awesome/fonts/fontawesome-webfont3e6e.eot]
[yoajung.co.kr/js/font-awesome/fonts/fontawesome-webfontd41d.eot]
[yoajung.co.kr/js/font-awesome/fonts/fontawesome-webfont3e6e.woff]
[yoajung.co.kr/js/font-awesome/fonts/fontawesome-webfont3e6e.ttf]
[yoajung.co.kr/js/font-awesome/css/font-awesome.min.css]
[yoajung.co.kr/css/header.html]
[yoajung.co.kr/theme/design/template/brand/styleaa39.css]
[yoajung.co.kr/images/d_02.png]
[yoajung.co.kr/images/b_05.png]
[yoajung.co.kr/images/b_19.jpg]
[yoajung.co.kr/images/a_28.png]
[yoajung.co.kr/images/a_29.png]
[yoajung.co.kr/images/b_07.png]
[yoajung.co.kr/images/b_08.png]
[yoajung.co.kr/images/b_06.png]
[yoajung.co.kr/images/b_11.png]
[yoajung.co.kr/images/b_10.png]
[yoajung.co.kr/images/b_09.png]
[yoajung.co.kr/images/b_14.png]
[yoajung.co.kr/images/b_15.png]
[yoajung.co.kr/images/b_16.png]
[yoajung.co.kr/images/b_17.png]
[yoajung.co.kr/images/b_18.png]
[yoajung.co.kr/images/b_21.png]
[yoajung.co.kr/images/b_23.png]
[yoajung.co.kr/images/b_24.png]
[yoajung.co.kr/images/b_25.png]
[yoajung.co.kr/images/b_26.png]
[yoajung.co.kr/images/b_26h.png]
[yoajung.co.kr/images/b_27.png]
[yoajung.co.kr/images/b_27h.png]
[yoajung.co.kr/images/b_28.png]
[yoajung.co.kr/images/b_28h.png]
[yoajung.co.kr/images/b_29.png]
[yoajung.co.kr/data/file/main_menu/e126a58ad07337ea5468a971ca8a6533_nbFKG9Ox_ff6531c8fb998418503bc28994efb780e7766032.png]
[yoajung.co.kr/data/file/main_menu/e126a58ad07337ea5468a971ca8a6533_oMvZkiSO_85de97c87a68120b75b7735923201c8c7441d53e.png]
[yoajung.co.kr/data/file/main_menu/e126a58ad07337ea5468a971ca8a6533_5bpeZrSU_604dc4ea179518c7ebf640142503349b847a2ad9.png]
[yoajung.co.kr/data/file/main_menu/e126a58ad07337ea5468a971ca8a6533_rW7yCpn1_c274e2d503949761a46fbd8a7b2af269fc98d1b4.png]
[yoajung.co.kr/data/file/main_menu/e126a58ad07337ea5468a971ca8a6533_PqalVIKj_289ad327db27f32e37bf4a06756156ab4190f27c.png]
[yoajung.co.kr/data/file/main_menu/e126a58ad07337ea5468a971ca8a6533_7ajLu2FH_5ae8a0706230bf397470daee53e7a008f51bc4bf.png]
[yoajung.co.kr/data/file/main_menu/e126a58ad07337ea5468a971ca8a6533_mC8eiz9F_5f195c3d16f29deb54525e59d357b0c734331cac.png]
[yoajung.co.kr/data/file/main_menu/e126a58ad07337ea5468a971ca8a6533_mKOqCEFn_f4fdc45da55ca09c53e32c0a9457a89c1cd12e1a.png]
[yoajung.co.kr/data/file/main_menu/e126a58ad07337ea5468a971ca8a6533_JAOVMYZu_f19244f13d26f71281ad4dfa0711b46050327ed8.png]
[yoajung.co.kr/data/file/main_menu/e126a58ad07337ea5468a971ca8a6533_82unmcVI_5e637769129da18ce08367aefb92e339fbec1bca.png]
[yoajung.co.kr/data/file/main_menu/e126a58ad07337ea5468a971ca8a6533_JBsjLRUG_5b44974b0c86e827573d0ee66784cfff0111e241.png]
[yoajung.co.kr/data/file/main_menu/e126a58ad07337ea5468a971ca8a6533_52jEBoDA_aeb0fd6bb197c60e0d16a7ccfb37e3bd87299d4c.png]
[yoajung.co.kr/data/file/main_menu/e126a58ad07337ea5468a971ca8a6533_OZ4y1f7w_3db2e670f223eeb3a271760c5e94ea6d01ddbda5.png]
[yoajung.co.kr/data/file/main_menu/e126a58ad07337ea5468a971ca8a6533_iVmow7lt_3dacbb5c6d4bf3f51bc7c315a30ea875ba42c281.png]
[yoajung.co.kr/data/file/main_menu/e126a58ad07337ea5468a971ca8a6533_R4fokg8L_bab681b8c18f51b231c8ce4f26d802556cc1f6a9.png]
[yoajung.co.kr/data/file/main_menu/e126a58ad07337ea5468a971ca8a6533_voadruiS_a1f4e46b8842d44968ba3b0f7dcc487a6f52fee4.png]
[yoajung.co.kr/data/file/main_menu/e126a58ad07337ea5468a971ca8a6533_YcSt7QWd_1b964150e2f53cea212485d3abe45f00095730d9.png]
[yoajung.co.kr/data/file/main_menu/e126a58ad07337ea5468a971ca8a6533_92VpOeus_f6ddef58da681d31aafb4b5de694449e9b711abe.png]
[yoajung.co.kr/data/file/main_menu/e126a58ad07337ea5468a971ca8a6533_zfLJt74C_d6bc398b23ef8ddbf20728086fff6a9a4eaebfbf.png]
[yoajung.co.kr/data/file/main_menu/e126a58ad07337ea5468a971ca8a6533_GVDIkNpE_0739bc7cc708e32807a5e2cad65c1a559bb64f89.png]
[yoajung.co.kr/data/file/main_menu/e126a58ad07337ea5468a971ca8a6533_Tyi749bY_859f094c5604901125b08935668861cb80b191f9.png]
[yoajung.co.kr/data/file/main_menu/e126a58ad07337ea5468a971ca8a6533_2qnkE0Bu_fcbb3163db315a9575caf828e2b737ae51508171.png]
[yoajung.co.kr/data/file/main_menu/e126a58ad07337ea5468a971ca8a6533_ep4rbwZH_9968893a6b22c77b6223dc7143a2c241adada5fc.png]
[yoajung.co.kr/data/file/main_menu/e126a58ad07337ea5468a971ca8a6533_jMAz1gn3_24151026dc51a89bcdcb1d8bc1016f1fabfdd1e8.png]
[yoajung.co.kr/data/file/main_menu/e126a58ad07337ea5468a971ca8a6533_mkH7RqsG_27fc493a58bd277c83e1bb3464a07a03fdadfd69.png]
[yoajung.co.kr/data/file/main_menu/e126a58ad07337ea5468a971ca8a6533_wyJrIp3h_50237943a27c8ccd1b9ca989b8ac2afe6e7a1fea.png]
[yoajung.co.kr/data/file/main_menu/e126a58ad07337ea5468a971ca8a6533_oyfpNCdS_ec7e5a5e487de41c7f11ebd44075140026a1ff13.png]
[yoajung.co.kr/data/file/main_menu/e126a58ad07337ea5468a971ca8a6533_CT1z5keJ_a497eae266653e8215ddb339b30c2846374ea3dc.png]
[yoajung.co.kr/data/file/main_menu/e126a58ad07337ea5468a971ca8a6533_Khj4mlGk_ceef3a8defeb8f2db6937257409cf299c003d796.png]
[yoajung.co.kr/data/file/main_menu/e126a58ad07337ea5468a971ca8a6533_0DSQANcE_99bb5f774b91a24e818e547495ee2602e241482a.png]
[yoajung.co.kr/data/file/main_menu/e126a58ad07337ea5468a971ca8a6533_e3xYzdF8_706e640231200403f0c0ab9a3172518fe6e80b48.png]
[yoajung.co.kr/data/file/main_menu/e126a58ad07337ea5468a971ca8a6533_A4erz2tE_7287b9150e7c0d71d0d29b0cd91d0dd5c0ae1bb3.png]
[yoajung.co.kr/data/file/main_menu/e126a58ad07337ea5468a971ca8a6533_XEbUsaWi_95c91500f457517ffe0e05a4745417db957dd92c.png]
[yoajung.co.kr/data/file/main_menu/e126a58ad07337ea5468a971ca8a6533_mygNdCiF_3dba0dba7ae373393edb7229553d60785dd2b8fb.png]
[yoajung.co.kr/data/file/main_menu/e126a58ad07337ea5468a971ca8a6533_zd5vDYHn_ac2cccf8a1ec865b2b7abeb89a43bb0984ceca25.png]
[yoajung.co.kr/data/file/main_menu/e126a58ad07337ea5468a971ca8a6533_ztq2hlOb_c7a2ae5b5e362bf892c73d05b474b82819a16e03.png]
[yoajung.co.kr/data/file/main_menu/e126a58ad07337ea5468a971ca8a6533_GzrKelwL_1426691a57e5de1c4a1159ef047417f5e7a0e08b.png]
[yoajung.co.kr/data/file/main_menu/e126a58ad07337ea5468a971ca8a6533_7mLSKxb2_8949cfa0b201451c2aec73354f068963dbdd2ca9.png]
[yoajung.co.kr/data/file/main_menu/e126a58ad07337ea5468a971ca8a6533_QNHcUnod_9d4b491f7ac292c52e0b86c25de7972d9c1e51eb.png]
[yoajung.co.kr/data/file/main_menu/e1717428e8027a045876c9e343bd56fb_ypsYGelL_ca4027be8d2f4a704974edd036a7091e84c52026.png]
[yoajung.co.kr/images/b_34.png]
[yoajung.co.kr/images/b_33.png]
[yoajung.co.kr/images/b_36.png]
[yoajung.co.kr/images/b_35.png]
[yoajung.co.kr/images/b_32.png]
[yoajung.co.kr/images/b_31.png]
[yoajung.co.kr/images/b_40.png]
[yoajung.co.kr/images/b_41.png]
[yoajung.co.kr/images/b_42.png]
[yoajung.co.kr/images/b_43.png]
[yoajung.co.kr/images/b_44.png]
[yoajung.co.kr/images/b_45.png]
[yoajung.co.kr/images/b_46.png]
[yoajung.co.kr/images/b_47.png]
[yoajung.co.kr/images/b_48.png]
[yoajung.co.kr/images/b_49.png]
[yoajung.co.kr/images/b_50.png]
[yoajung.co.kr/images/b_51.png]
[yoajung.co.kr/images/con8_top.png]
[yoajung.co.kr/images/b_38.png]
[yoajung.co.kr/images/b_39.png]
[yoajung.co.kr/images/b_53.jpg]
[yoajung.co.kr/images/b_54.jpg]
[yoajung.co.kr/images/b_52.png]
[yoajung.co.kr/images/con10_top.png]
[yoajung.co.kr/images/b_55.png]
[yoajung.co.kr/images/b_56.png]
[yoajung.co.kr/theme/design/template/brand/script.js]
[yoajung.co.kr/bbs/content639d.html]
[yoajung.co.kr/theme/design/template/menustore/styleaa39.css]
[dapi.kakao.com/v2/maps/sdk889f.json]
[yoajung.co.kr/images/con2_top.png]
[yoajung.co.kr/images/con4_top.png]
[yoajung.co.kr/images/c_09.png]
[yoajung.co.kr/images/c_10.png]
[yoajung.co.kr/bbs/content2fed.html]
[yoajung.co.kr/theme/design/template/menustore/script.js]
[yoajung.co.kr/theme/design/template/franchise/styleaa39.css]
[yoajung.co.kr/images/d_04.png]
[yoajung.co.kr/images/d_05.jpg]
[yoajung.co.kr/images/d_11.png]
[yoajung.co.kr/images/con2_left_scr.png]
[yoajung.co.kr/images/con2_right_scr.png]
[yoajung.co.kr/images/con2_bottom_img.png]
[yoajung.co.kr/images/d_06.png]
[yoajung.co.kr/images/d_07.png]
[yoajung.co.kr/images/d_08.png]
[yoajung.co.kr/images/d_10.png]
[yoajung.co.kr/images/d_09.png]
[yoajung.co.kr/images/d_12.png]
[yoajung.co.kr/images/d_22.png]
[yoajung.co.kr/images/d_23.png]
[yoajung.co.kr/images/d_24.png]
[yoajung.co.kr/images/d_25.png]
[yoajung.co.kr/images/d_26.png]
[yoajung.co.kr/images/d_27.png]
[yoajung.co.kr/images/d_21.png]
[yoajung.co.kr/images/d_28.png]
[yoajung.co.kr/images/d_30.png]
[yoajung.co.kr/images/d_29.png]
[yoajung.co.kr/images/d_31.png]
[yoajung.co.kr/images/d_32.png]
[yoajung.co.kr/images/con3_item_1.png]
[yoajung.co.kr/images/con3_item_2.png]
[yoajung.co.kr/images/con3_item_3.png]
[yoajung.co.kr/images/d_36.png]
[yoajung.co.kr/images/d_37.png]
[yoajung.co.kr/images/d_40.png]
[yoajung.co.kr/images/d_41.png]
[yoajung.co.kr/images/d_42.png]
[yoajung.co.kr/images/d_43.png]
[yoajung.co.kr/images/d_44.png]
[yoajung.co.kr/images/d_45.png]
[yoajung.co.kr/images/d_46.png]
[yoajung.co.kr/images/d_47.png]
[yoajung.co.kr/images/d_47m.png]
[yoajung.co.kr/images/d_48.png]
[yoajung.co.kr/images/d_49.png]
[yoajung.co.kr/bbs/content66cb.html]
[yoajung.co.kr/theme/design/template/franchise/script.js]
[yoajung.co.kr/theme/design/template/membership/styleaa39.css]
[yoajung.co.kr/images/f_09.png]
[yoajung.co.kr/images/f_11.png]
[yoajung.co.kr/images/f_08.png]
[yoajung.co.kr/images/f_07.png]
[yoajung.co.kr/images/f_06.png]
[yoajung.co.kr/images/f_03.png]
[yoajung.co.kr/images/f_04.png]
[yoajung.co.kr/images/f_05.png]
[yoajung.co.kr/images/f_23.jpg]
[yoajung.co.kr/images/f_16.png]
[yoajung.co.kr/images/con3_top.png]
[yoajung.co.kr/images/f_13.png]
[yoajung.co.kr/images/f_14.png]
[yoajung.co.kr/images/f_15.png]
[yoajung.co.kr/images/f_17.png]
[yoajung.co.kr/images/f_18.png]
[yoajung.co.kr/images/f_19.png]
[yoajung.co.kr/images/f_20.png]
[yoajung.co.kr/images/f_21.png]
[yoajung.co.kr/images/f_22.png]
[yoajung.co.kr/images/mem_1.png]
[yoajung.co.kr/images/mem_2.png]
[yoajung.co.kr/images/mem_3.png]
[yoajung.co.kr/images/mem_4.png]
[yoajung.co.kr/images/f_26.png]
[yoajung.co.kr/images/f_27.png]
[yoajung.co.kr/images/f_24.png]
[yoajung.co.kr/images/f_25.png]
[yoajung.co.kr/bbs/content2ee8.html]
[yoajung.co.kr/theme/design/template/membership/script.js]
[yoajung.co.kr/theme/design/template/community/styleaa39.css]
[yoajung.co.kr/images/e_03.png]
[yoajung.co.kr/bbs/board012e.html]
[yoajung.co.kr/bbs/content79d1.html]
[yoajung.co.kr/js/header.html]
[yoajung.co.kr/css/style.html]
[cdn.jsdelivr.net/npm/swiper@9/swiper-bundle.css]
[yoajung.co.kr/theme/design/template/community/script.js]
[yoajung.co.kr/theme/design/template/main2/styleaa39.css]
[yoajung.co.kr/data/editor/2405/7e1a8318c4038315ed1efb453aae662d_1715652966_6376.png]
[yoajung.co.kr/data/editor/2408/1f21d7e3fa9829c82d9233ed88f07343_1723797017_4957.jpg]
[yoajung.co.kr/images/main_fixed_bar.png]
[yoajung.co.kr/images/main_fixed_bar2.png]
[yoajung.co.kr/images/a_23.png]
[yoajung.co.kr/images/a_24.png]
[yoajung.co.kr/images/a_25.png]
[yoajung.co.kr/images/a_26.png]
[yoajung.co.kr/images/a_07.png]
[yoajung.co.kr/images/a_08.png]
[yoajung.co.kr/images/a_10.png]
[yoajung.co.kr/images/a_12.png]
[yoajung.co.kr/images/a_11.png]
[yoajung.co.kr/images/a_13.png]
[yoajung.co.kr/images/a_18.png]
[yoajung.co.kr/images/a_20.jpg]
[yoajung.co.kr/images/a_19.png]
[yoajung.co.kr/images/a_21.jpg]
[yoajung.co.kr/images/a_22.jpg]
[cdn.jsdelivr.net/gh/stevenschobert/instafeed.js@2.0.0rc1/src/instafeed.min.js]
[yoajung.co.kr/bbs/content9abf.html]
[yoajung.co.kr/js/script.html]
[cdnjs.cloudflare.com/ajax/libs/Swiper/11.0.5/swiper-bundle.css]
[yoajung.co.kr/css/footer.html]
[yoajung.co.kr/images/con1_10.html]
[yoajung.co.kr/images/con1_11.html]
[yoajung.co.kr/images/con1_12.html]
[yoajung.co.kr/images/con6_08.html]
[yoajung.co.kr/images/con6_09.html]
[yoajung.co.kr/images/con6_10.html]
[yoajung.co.kr/images/con6_11.html]
[yoajung.co.kr/images/con6_12.html]
[yoajung.co.kr/images/con7_02.html]
[yoajung.co.kr/images/con7_03.html]
[yoajung.co.kr/images/con7_04.html]
[yoajung.co.kr/images/con7_05.html]
[yoajung.co.kr/images/con11_07.html]
[yoajung.co.kr/images/con11_08.html]
[yoajung.co.kr/images/con11_09.html]
[yoajung.co.kr/images/con11_10.html]
[yoajung.co.kr/images/con08_07.html]
[yoajung.co.kr/images/con08_08.html]
[yoajung.co.kr/images/con08_09.html]
[yoajung.co.kr/images/con08_10.html]
[yoajung.co.kr/images/con08_11.html]
[yoajung.co.kr/js/font-awesome/fonts/fontawesome-webfont3e6e.html]
[yoajung.co.kr/js/font-awesome/fonts/fontawesome-webfont3e6e.svg]
[yoajung.co.kr/theme/design/skin/content/basic/styleaa39.css]
[yoajung.co.kr/theme/design/template/main2/script.js]
[yoajung.co.kr/images/b_02.jpg]
[yoajung.co.kr/images/b_04.jpg]
[yoajung.co.kr/images/b_20.jpg]
[yoajung.co.kr/images/b_37.jpg]
[yoajung.co.kr/images/b_57.jpg]
[yoajung.co.kr/theme/design/template/brand/styleaa39.css]
[yoajung.co.kr/images/f_01.jpg]
[yoajung.co.kr/bbs/css/header.html]
[yoajung.co.kr/bbs/js/header.html]
[yoajung.co.kr/bbs/css/brand.html]
[yoajung.co.kr/bbs/js/brand.html]
[yoajung.co.kr/bbs/css/footer.html]
[yoajung.co.kr/theme/design/template/menustore/styleaa39.css]
[yoajung.co.kr/bbs/css/menustore.html]
[yoajung.co.kr/bbs/js/menustore.html]
[yoajung.co.kr/images/d_01.jpg]
[yoajung.co.kr/images/d_03.jpg]
[yoajung.co.kr/images/con4_bg.png]
[yoajung.co.kr/images/d_51.png]
[yoajung.co.kr/theme/design/template/franchise/styleaa39.css]
[yoajung.co.kr/bbs/css/franchise.html]
[yoajung.co.kr/bbs/js/franchise.html]
[yoajung.co.kr/images/f_10.jpg]
[yoajung.co.kr/images/f_28.jpg]
[yoajung.co.kr/theme/design/template/membership/styleaa39.css]
[yoajung.co.kr/bbs/css/membership.html]
[yoajung.co.kr/bbs/js/membership.html]
[yoajung.co.kr/images/e_01.jpg]
[yoajung.co.kr/theme/design/template/community/styleaa39.css]
[yoajung.co.kr/bbs/css/community.html]
[yoajung.co.kr/theme/design/skin/board/newbasic/styleaa39.css]
[yoajung.co.kr/js/viewimageresize.js]
[yoajung.co.kr/js/md5.js]
[yoajung.co.kr/bbs/board012e.html]
[yoajung.co.kr/bbs/js/community.html]
[yoajung.co.kr/bbs/content1ea6.html]
[yoajung.co.kr/images/a_09.jpg]
[yoajung.co.kr/theme/design/template/main2/styleaa39.css]
[yoajung.co.kr/bbs/css/main.html]
[yoajung.co.kr/bbs/js/main.html]
[yoajung.co.kr/images/con7_bg.html]
[yoajung.co.kr/theme/design/skin/board/newbasic/img/close_btn.png]
[yoajung.co.kr/theme/design/skin/board/newbasic/img/icon_view.png]
[yoajung.co.kr/theme/design/skin/board/newbasic/img/icon_comment.png]
[yoajung.co.kr/theme/design/skin/board/newbasic/img/icon_good.png]
[yoajung.co.kr/theme/design/skin/board/newbasic/img/icon_bad.png]
[yoajung.co.kr/theme/design/skin/board/newbasic/styleaa39.css]
[yoajung.co.kr/bbs/content1ea6.html]
